---
source: crates/cli/tests/init.rs
assertion_line: 31
expression: package_json_content
---
{
  "name": "",
  "version": "1.0.0",
  "description": "",
  "main": "index.js",
  "scripts": {
    "test": "echo \"Error: no test specified\" && exit 1"
  },
  "keywords": [],
  "author": "",
  "license": "ISC"
}
