---
source: crates/cli/tests/init.rs
assertion_line: 56
expression: "String::from_utf8_lossy(&output.stderr).trim_end()"
---
Error: pacquet_package_json::already_exist_error

  × initialize package.json
  ╰─▶ package.json file already exists
  help: Your current working directory already has a package.json file.
