---
source: crates/cli/tests/install.rs
assertion_line: 105
expression: store_files
---
[
    "v3/files/02/f9d952341eade675d0a8f5da14d4277fded62f937242292c2cf5f1bb0eda101b5f803098d64e2a138f4bfe4cdf326cfaf8f6b4015476ab86d25df03ddec731-exec",
    "v3/files/68/b837b4fd7982b081521e51b14a167ccdb272b3c499202449d07d48d78a2fa7bb8652d3a894bb06ac6e3995e5126ee3470f73b5775584940751fce8be468405",
    "v3/files/93/e31fcd9144a604f87d04fa8fb4a058202c579df17fd2b21301e17ac0ae4f3e2bae90ced7ae71b71218bd4a789e355ef7b8bd8899cdb785250071b229503b2e",
    "v3/files/a5/541962367c9c3aaaa8be96312f7efedf7ae638bd051e80573649ca93b4852f4f2749efdce9f19fa7355b3a6d9130eded64e4b3c0efe753622735c5069482cd-index.json",
    "v3/files/bf/0c878f2a4f2ec6f231bb2d414547efb15eb22a673815cba36acfd89633cd4c8affcbdc9378e90ad4d8fc654de921d1f67444be94e6a2f81bda9330be60be93-exec",
    "v3/files/dd/feae8107ea156f46477e8e49e4dfb12365ba9ee122c953db785a5f776f4ff7b91b25378889dab77fb4188f8caaf45cc1c373b01ad326aef20d6a77c24ecefd-index.json",
]
