---
source: crates/cli/tests/install.rs
assertion_line: 51
expression: "(workspace_folders, store_files)"
---
(
    [
        "node_modules",
        "node_modules/.pnpm",
        "node_modules/.pnpm/fast-decode-uri-component@1.0.1",
        "node_modules/.pnpm/fast-decode-uri-component@1.0.1/node_modules",
        "node_modules/.pnpm/fast-decode-uri-component@1.0.1/node_modules/fast-decode-uri-component",
        "node_modules/.pnpm/is-number@6.0.0",
        "node_modules/.pnpm/is-number@6.0.0/node_modules",
        "node_modules/.pnpm/is-number@6.0.0/node_modules/is-number",
        "node_modules/.pnpm/is-odd@3.0.1",
        "node_modules/.pnpm/is-odd@3.0.1/node_modules",
        "node_modules/.pnpm/is-odd@3.0.1/node_modules/is-number",
        "node_modules/.pnpm/is-odd@3.0.1/node_modules/is-odd",
        "node_modules/fast-decode-uri-component",
        "node_modules/is-odd",
    ],
    [
        "v3/files/01/d306b80f4b1678c655f3b0685db1f7a741fc746d251c00e925298ab89630a3167bde8c7d8d779b72770c41f9f302bb1e3f312672ce7aa8e6c156c319eeeada",
        "v3/files/17/54b7271ca0e30dc7d775986711a2b61b298200c12f867bde6f7e19d56047c9ab77a93304520fa1a31b0c3a4e6fb6b310f89dd8cb4d95a5c662807ef733f85f",
        "v3/files/1a/5c01a1321e71a1c263fb83878cbba2686f71f571b42c2d40d93858bf1f4c6ff7f625125a68932c243e75ead4a9d2f18d9b22b3fe55c39fe6605a42b2e70620",
        "v3/files/37/8eb16c230fce354ef7e72722ee708cbefea9a481aa597b06fefc12f665ab60176cbf04d6bc159be42ccdbc51764d71516f86bb28a01b0e60c76a2753f1cf44",
        "v3/files/40/fe18b2c1f241075b732727110323f3e29f9d6c8765ff0222bccfa34784caa8abcd18ffbd4bbfab979e5478ace273a74ed3a0a22f0261334fa7c59e032edbde",
        "v3/files/54/7bcd683e2f9f7b0c2790c637b9231539947be923479534592d91886a56d6262fdc1d8ced24ac2cc3adfda139fe399dc7502d382c7afc536e3057a7cf11e6c0",
        "v3/files/55/dcbc7fff1ac1c4755f4cbf24ba21e0dcae062c802d3db937d2b6182f4554dd85d14529a0c9688eac825a345b63ab8b2e5d7699e2be07178df5bb8a072235eb",
        "v3/files/58/01e592e94aa4076c179180956f33f8262fa7157a06bfe636a6854bd3b9b2ddf44780ffa1405642ad8ece2ed6514e19a28178cbecdcf5608a3be710bbf3c0d4",
        "v3/files/60/ab54849d6cfd7b05076c3bc4d9baffe1f800f4d5e2d67c39c521a7a3d93b347ce5a8e45397102e40e2103652c543c8e7bb161c15d0a6e34ec1a9d11c168d2a",
        "v3/files/88/1f101d2f1886fc5f9ac5c8d25e5540908e140031169ea41a4a9941cf95fe2711c1292c1995609c6f174b3815cc0dcc6cd2a10339a348d39fe75bc77b53ba9e",
        "v3/files/9f/cbe5dc86bc33bdb4f125559e767c3aaad94c7c4b21b80b694d9b0158ee0f10ee53b127c2bf05db9768afdaf1fb6778fd08a19412fb3c1adad655863e6c351d",
        "v3/files/ca/65df16eb450ab63f90f107a8cc9ac82da9635408e813a6f6d3e13cfba78917b31b66652479ebba54b612566600b2ab1bc16b82d082c5f87803961a8e9e3931",
        "v3/files/e5/c2514d2b0d3d6bedad24fdd75c55e780211cf0692c21f401201c2d7dfa990ad00188bd68b30c826aaa2a72ecad12a74bc03430384f933b1751035dd1b18ca2",
        "v3/files/f7/02180f4465a777127ad6a211306dd564993c17f7d3d9401604df4bc657d8d888902de632a4cf55b551ddfb9f84ba8a900788773f03c77836143ef94e182c7c",
        "v3/files/ff/d3f3fed65d7b489216916772c6180b5c1714ddde16e7e2c99ff5f8a4214bb8f884a0c1d06a1b1a8a4b0d6252ad85b533b1626f0dd8d474f2283f6cdfd69f6c",
    ],
)
