---
source: crates/cli/src/commands/install.rs
expression: get_all_folders(&dir.path().to_path_buf())
---
[
    "node_modules",
    "node_modules/.pacquet",
    "node_modules/.pacquet/fast-decode-uri-component@1.0.1",
    "node_modules/.pacquet/fast-decode-uri-component@1.0.1/node_modules",
    "node_modules/.pacquet/fast-decode-uri-component@1.0.1/node_modules/fast-decode-uri-component",
    "node_modules/.pacquet/is-even@1.0.0",
    "node_modules/.pacquet/is-even@1.0.0/node_modules",
    "node_modules/.pacquet/is-even@1.0.0/node_modules/is-even",
    "node_modules/.pacquet/is-even@1.0.0/node_modules/is-odd",
    "node_modules/.pacquet/is-number@6.0.0",
    "node_modules/.pacquet/is-number@6.0.0/node_modules",
    "node_modules/.pacquet/is-number@6.0.0/node_modules/is-number",
    "node_modules/.pacquet/is-odd@0.1.2",
    "node_modules/.pacquet/is-odd@0.1.2/node_modules",
    "node_modules/.pacquet/is-odd@0.1.2/node_modules/is-odd",
    "node_modules/.pacquet/is-odd@3.0.1",
    "node_modules/.pacquet/is-odd@3.0.1/node_modules",
    "node_modules/.pacquet/is-odd@3.0.1/node_modules/is-number",
    "node_modules/.pacquet/is-odd@3.0.1/node_modules/is-odd",
    "node_modules/fast-decode-uri-component",
    "node_modules/is-even",
    "node_modules/is-odd",
]
