---
source: crates/package-manager/src/install.rs
assertion_line: 140
expression: get_all_folders(&project_root)
---
[
    "node_modules",
    "node_modules/.pacquet",
    "node_modules/.pacquet/@pnpm+x@1.0.0",
    "node_modules/.pacquet/@pnpm+x@1.0.0/node_modules",
    "node_modules/.pacquet/@pnpm+x@1.0.0/node_modules/@pnpm",
    "node_modules/.pacquet/@pnpm+x@1.0.0/node_modules/@pnpm/x",
    "node_modules/.pacquet/@pnpm+xyz@1.0.0",
    "node_modules/.pacquet/@pnpm+xyz@1.0.0/node_modules",
    "node_modules/.pacquet/@pnpm+xyz@1.0.0/node_modules/@pnpm",
    "node_modules/.pacquet/@pnpm+xyz@1.0.0/node_modules/@pnpm/x",
    "node_modules/.pacquet/@pnpm+xyz@1.0.0/node_modules/@pnpm/xyz",
    "node_modules/.pacquet/@pnpm+xyz@1.0.0/node_modules/@pnpm/y",
    "node_modules/.pacquet/@pnpm+xyz@1.0.0/node_modules/@pnpm/z",
    "node_modules/.pacquet/@pnpm+y@1.0.0",
    "node_modules/.pacquet/@pnpm+y@1.0.0/node_modules",
    "node_modules/.pacquet/@pnpm+y@1.0.0/node_modules/@pnpm",
    "node_modules/.pacquet/@pnpm+y@1.0.0/node_modules/@pnpm/y",
    "node_modules/.pacquet/@pnpm+z@1.0.0",
    "node_modules/.pacquet/@pnpm+z@1.0.0/node_modules",
    "node_modules/.pacquet/@pnpm+z@1.0.0/node_modules/@pnpm",
    "node_modules/.pacquet/@pnpm+z@1.0.0/node_modules/@pnpm/z",
    "node_modules/.pacquet/@pnpm.e2e+hello-world-js-bin@1.0.0",
    "node_modules/.pacquet/@pnpm.e2e+hello-world-js-bin@1.0.0/node_modules",
    "node_modules/.pacquet/@pnpm.e2e+hello-world-js-bin@1.0.0/node_modules/@pnpm.e2e",
    "node_modules/.pacquet/@pnpm.e2e+hello-world-js-bin@1.0.0/node_modules/@pnpm.e2e/hello-world-js-bin",
    "node_modules/@pnpm",
    "node_modules/@pnpm/xyz",
    "node_modules/@pnpm.e2e",
    "node_modules/@pnpm.e2e/hello-world-js-bin",
]
