---
source: crates/package_json/src/lib.rs
expression: "PackageJson::to_string_prettify(&package_json).unwrap_or(String::new())"
---
{
  "name": "test",
  "version": "1.0.0",
  "description": "",
  "main": "index.js",
  "script": {
    "test": "echo \"Error: no test specified\" && exit 1"
  },
  "keywords": [],
  "author": "",
  "license": "ISC"
}
